Classic Timing Analyzer report for add_sub_4
Mon Jan 27 00:44:43 2014
Quartus II Version 8.1 Build 163 10/28/2008 SJ Web Edition


---------------------
; Table of Contents ;
---------------------
  1. Legal Notice
  2. Timing Analyzer Summary
  3. Timing Analyzer Settings
  4. tpd
  5. Timing Analyzer Messages



----------------
; Legal Notice ;
----------------
Copyright (C) 1991-2008 Altera Corporation
Your use of Altera Corporation's design tools, logic functions 
and other software and tools, and its AMPP partner logic 
functions, and any output files from any of the foregoing 
(including device programming or simulation files), and any 
associated documentation or information are expressly subject 
to the terms and conditions of the Altera Program License 
Subscription Agreement, Altera MegaCore Function License 
Agreement, or other applicable license agreement, including, 
without limitation, that your use is for the sole purpose of 
programming logic devices manufactured by Altera and sold by 
Altera or its authorized distributors.  Please refer to the 
applicable agreement for further details.



+-------------------------------------------------------------------------------------------------------------------------+
; Timing Analyzer Summary                                                                                                 ;
+------------------------------+-------+---------------+-------------+------+------+------------+----------+--------------+
; Type                         ; Slack ; Required Time ; Actual Time ; From ; To   ; From Clock ; To Clock ; Failed Paths ;
+------------------------------+-------+---------------+-------------+------+------+------------+----------+--------------+
; Worst-case tpd               ; N/A   ; None          ; 19.600 ns   ; A3   ; Cout ; --         ; --       ; 0            ;
; Total number of failed paths ;       ;               ;             ;      ;      ;            ;          ; 0            ;
+------------------------------+-------+---------------+-------------+------+------+------------+----------+--------------+


+--------------------------------------------------------------------------------------------------------------------+
; Timing Analyzer Settings                                                                                           ;
+---------------------------------------------------------------------+--------------------+------+----+-------------+
; Option                                                              ; Setting            ; From ; To ; Entity Name ;
+---------------------------------------------------------------------+--------------------+------+----+-------------+
; Device Name                                                         ; EPF10K10TC144-3    ;      ;    ;             ;
; Timing Models                                                       ; Final              ;      ;    ;             ;
; Default hold multicycle                                             ; Same as Multicycle ;      ;    ;             ;
; Cut paths between unrelated clock domains                           ; On                 ;      ;    ;             ;
; Cut off read during write signal paths                              ; On                 ;      ;    ;             ;
; Cut off feedback from I/O pins                                      ; On                 ;      ;    ;             ;
; Report Combined Fast/Slow Timing                                    ; Off                ;      ;    ;             ;
; Ignore Clock Settings                                               ; Off                ;      ;    ;             ;
; Analyze latches as synchronous elements                             ; On                 ;      ;    ;             ;
; Enable Recovery/Removal analysis                                    ; Off                ;      ;    ;             ;
; Enable Clock Latency                                                ; Off                ;      ;    ;             ;
; Use TimeQuest Timing Analyzer                                       ; Off                ;      ;    ;             ;
; Minimum Core Junction Temperature                                   ; 0                  ;      ;    ;             ;
; Maximum Core Junction Temperature                                   ; 85                 ;      ;    ;             ;
; Number of source nodes to report per destination node               ; 10                 ;      ;    ;             ;
; Number of destination nodes to report                               ; 10                 ;      ;    ;             ;
; Number of paths to report                                           ; 200                ;      ;    ;             ;
; Report Minimum Timing Checks                                        ; Off                ;      ;    ;             ;
; Use Fast Timing Models                                              ; Off                ;      ;    ;             ;
; Report IO Paths Separately                                          ; Off                ;      ;    ;             ;
; Perform Multicorner Analysis                                        ; Off                ;      ;    ;             ;
; Reports the worst-case path for each clock domain and analysis      ; Off                ;      ;    ;             ;
; Removes common clock path pessimism (CCPP) during slack computation ; Off                ;      ;    ;             ;
; Output I/O Timing Endpoint                                          ; Near End           ;      ;    ;             ;
+---------------------------------------------------------------------+--------------------+------+----+-------------+


+--------------------------------------------------------------+
; tpd                                                          ;
+-------+-------------------+-----------------+---------+------+
; Slack ; Required P2P Time ; Actual P2P Time ; From    ; To   ;
+-------+-------------------+-----------------+---------+------+
; N/A   ; None              ; 19.600 ns       ; A3      ; Cout ;
; N/A   ; None              ; 18.800 ns       ; A3      ; S4   ;
; N/A   ; None              ; 18.200 ns       ; ADD_SUB ; S3   ;
; N/A   ; None              ; 17.900 ns       ; ADD_SUB ; Cout ;
; N/A   ; None              ; 17.700 ns       ; ADD_SUB ; S4   ;
; N/A   ; None              ; 17.700 ns       ; A2      ; S3   ;
; N/A   ; None              ; 17.600 ns       ; A4      ; Cout ;
; N/A   ; None              ; 17.400 ns       ; B2      ; Cout ;
; N/A   ; None              ; 17.200 ns       ; A2      ; S4   ;
; N/A   ; None              ; 17.200 ns       ; B2      ; S3   ;
; N/A   ; None              ; 17.100 ns       ; B4      ; Cout ;
; N/A   ; None              ; 17.100 ns       ; B2      ; S4   ;
; N/A   ; None              ; 16.900 ns       ; A2      ; Cout ;
; N/A   ; None              ; 16.900 ns       ; B1      ; S4   ;
; N/A   ; None              ; 16.800 ns       ; A1      ; S3   ;
; N/A   ; None              ; 16.800 ns       ; B1      ; S3   ;
; N/A   ; None              ; 16.700 ns       ; B3      ; Cout ;
; N/A   ; None              ; 16.400 ns       ; A1      ; S4   ;
; N/A   ; None              ; 15.900 ns       ; B3      ; S4   ;
; N/A   ; None              ; 14.800 ns       ; B4      ; S4   ;
; N/A   ; None              ; 13.900 ns       ; B1      ; Cout ;
; N/A   ; None              ; 13.900 ns       ; ADD_SUB ; S2   ;
; N/A   ; None              ; 13.400 ns       ; A1      ; Cout ;
; N/A   ; None              ; 13.200 ns       ; B1      ; S2   ;
; N/A   ; None              ; 12.800 ns       ; A4      ; S4   ;
; N/A   ; None              ; 12.700 ns       ; A1      ; S2   ;
; N/A   ; None              ; 12.600 ns       ; A3      ; S3   ;
; N/A   ; None              ; 10.900 ns       ; B2      ; S2   ;
; N/A   ; None              ; 10.700 ns       ; B3      ; S3   ;
; N/A   ; None              ; 10.700 ns       ; A1      ; S1   ;
; N/A   ; None              ; 10.400 ns       ; A2      ; S2   ;
; N/A   ; None              ; 10.200 ns       ; B1      ; S1   ;
+-------+-------------------+-----------------+---------+------+


+--------------------------+
; Timing Analyzer Messages ;
+--------------------------+
Info: *******************************************************************
Info: Running Quartus II Classic Timing Analyzer
    Info: Version 8.1 Build 163 10/28/2008 SJ Web Edition
    Info: Processing started: Mon Jan 27 00:44:42 2014
Info: Command: quartus_tan --read_settings_files=off --write_settings_files=off add_sub_4 -c add_sub_4
Info: Started post-fitting delay annotation
Info: Delay annotation completed successfully
Info: Longest tpd from source pin "A3" to destination pin "Cout" is 19.600 ns
    Info: 1: + IC(0.000 ns) + CELL(3.100 ns) = 3.100 ns; Loc. = PIN_86; Fanout = 3; PIN Node = 'A3'
    Info: 2: + IC(3.000 ns) + CELL(1.900 ns) = 8.000 ns; Loc. = LC1_B19; Fanout = 3; COMB Node = '7483:inst|25'
    Info: 3: + IC(1.800 ns) + CELL(1.900 ns) = 11.700 ns; Loc. = LC7_B23; Fanout = 1; COMB Node = '7483:inst|52~58'
    Info: 4: + IC(0.600 ns) + CELL(0.900 ns) = 13.200 ns; Loc. = LC1_B23; Fanout = 1; COMB Node = '7483:inst|2~112'
    Info: 5: + IC(0.000 ns) + CELL(1.300 ns) = 14.500 ns; Loc. = LC2_B23; Fanout = 1; COMB Node = '7483:inst|2~109'
    Info: 6: + IC(1.200 ns) + CELL(3.900 ns) = 19.600 ns; Loc. = PIN_18; Fanout = 0; PIN Node = 'Cout'
    Info: Total cell delay = 13.000 ns ( 66.33 % )
    Info: Total interconnect delay = 6.600 ns ( 33.67 % )
Info: Quartus II Classic Timing Analyzer was successful. 0 errors, 0 warnings
    Info: Peak virtual memory: 169 megabytes
    Info: Processing ended: Mon Jan 27 00:44:43 2014
    Info: Elapsed time: 00:00:01
    Info: Total CPU time (on all processors): 00:00:01


